// Jest Snapshot v1, https://goo.gl/fbAQLP

exports[`NewPasswordPage component Testing dumb new password page component Should render without errors 1`] = `
<div
  className="resetPasswordPageContainer"
  data-test="newPasswordPageComponent"
>
  <div
    className="resetPasswordPageContainer__resetPasswordComponentContainer"
  >
    <div
      className="resetPasswordPageContainer__resetPasswordComponentContainer__brandLogoContainer"
    >
      <img
        alt="brand-logo"
        src=""
      />
    </div>
    <h2
      className="resetPasswordPageContainer__resetPasswordComponentContainer__heading"
    >
      Reset Password
    </h2>
    <p
      className="resetPasswordPageContainer__resetPasswordComponentContainer__info"
    >
      Your current password has expired. Please create a new password.
    </p>
    <div
      className="resetPasswordPageContainer__resetPasswordComponentContainer__setPasswordInputContainer"
    >
      <label
        htmlFor="resetPasswordPageSetPasswordInput"
      >
        Choose a Password
      </label>
      <input
        id="resetPasswordPageSetPasswordInput"
        name="text-input-password"
        onBlur={[Function]}
        onChange={[Function]}
        placeholder="New Password"
        type="password"
        value=""
      />
      <span
        className="resetPasswordPageContainer__resetPasswordComponentContainer__setPasswordInputContainer__passwordViewTogglerContainer"
        onMouseDown={[Function]}
        onMouseUp={[Function]}
      >
        <AiFillEyeInvisible />
      </span>
    </div>
    <p
      className="inputRequiredError"
    />
    <div
      className="resetPasswordPageContainer__resetPasswordComponentContainer__confirmPasswordInputContainer"
    >
      <label
        htmlFor="resetPassswordPageConfirmPasswordInput"
      >
        Confirm Password
      </label>
      <input
        id="resetPassswordPageConfirmPasswordInput"
        name="text-input-confirm-password"
        onBlur={[Function]}
        onChange={[Function]}
        placeholder="Confirm Password"
        type="password"
        value=""
      />
      <span
        className="resetPasswordPageContainer__resetPasswordComponentContainer__confirmPasswordInputContainer__passwordViewTogglerContainer"
        onMouseDown={[Function]}
        onMouseUp={[Function]}
      >
        <AiFillEyeInvisible />
      </span>
    </div>
    <p
      className="inputRequiredError"
    />
    <button
      className="resetPasswordPageContainer__resetPasswordComponentContainer__submitButton"
      intent="none"
      onClick={[Function]}
    >
      Change Password
    </button>
  </div>
</div>
`;
