// Jest Snapshot v1, https://goo.gl/fbAQLP

exports[`Settings Page componemt Testing dumb component Should render without errors 1`] = `
<div
  className="settingsContainer"
  data-test="settingsPageComponent"
>
  <div />
  <div
    className="settingsContainer__headingContainer"
  >
    <h2>
      Settings
    </h2>
    <button
      className="pull-right"
      data-test="changeBtn"
      disabled={true}
      onClick={[Function]}
    >
      Update Configuration!
    </button>
  </div>
  <div>
    <ConfigurationTabsNav
      configurations={Object {}}
      handleTabSelect={[Function]}
      selectedIndex={-1}
    />
    <div
      flex="1"
      padding={16}
    >
      <ConfigurationTabsContent
        configurations={Object {}}
        handleConfigurationChange={[Function]}
        selectedIndex={-1}
      />
    </div>
  </div>
</div>
`;
