// Jest Snapshot v1, https://goo.gl/fbAQLP

exports[`OtpPage component Testing dumb otp component Should render without errors 1`] = `
<div
  className="otpPageContainer"
  data-test="otpPageComponent"
>
  <div
    className="otpPageContainer__otpComponentContainer"
  >
    <div
      className="otpPageContainer__otpComponentContainer__brandLogoContainer"
    >
      <img
        alt="brand-logo"
        src=""
      />
    </div>
    <h2
      className="otpPageContainer__otpComponentContainer__heading"
    >
      We sent a code
    </h2>
    <p
      className="otpPageContainer__otpComponentContainer__info"
    >
      Enter the 6-digit verification code sent to your email.
    </p>
    <div
      className="otpPageContainer__otpComponentContainer__otpInputContainer"
    >
      <label
        htmlFor="otpPageInput"
      >
        Enter the OTP received
      </label>
      <input
        name="text-input-otp"
        onBlur={[Function]}
        onChange={[Function]}
        placeholder="6 digit code"
        type="text"
        validationMessage={null}
        value=""
      />
    </div>
    <p
      className="inputRequiredError"
    />
    <button
      className="otpPageContainer__otpComponentContainer__submitButton"
      disabled={false}
      onClick={[Function]}
    >
      Submit
    </button>
    <div
      className="otpPageContainer__otpComponentContainer__linksContainer"
    >
      <p>
        <Link
          onClick={[Function]}
          replace={false}
          to="#"
        >
          Resend Code
        </Link>
      </p>
      <p>
        <Link
          replace={false}
          to="/forgot-password/email/"
        >
          Change Username / Email
        </Link>
      </p>
    </div>
    <p
      className="otpPageContainer__otpComponentContainer__info"
    >
      If you don't find it in your inbox, check spam folder.
    </p>
  </div>
</div>
`;
