// Jest Snapshot v1, https://goo.gl/fbAQLP

exports[`SignupPage component Testing dumb signup page component Should render without errors 1`] = `
<div
  className="signupPageContainer"
  data-test="signupPageComponent"
>
  <div
    className="signupPageContainer__signupComponentContainer"
  >
    <div
      className="signupPageContainer__signupComponentContainer__brandLogoContainer"
    >
      <img
        alt="brand-logo"
        src=""
      />
    </div>
    <h2
      className="signupPageContainer__signupComponentContainer__heading"
    >
      Create an OWTF Account
    </h2>
    <div
      className="signupPageContainer__signupComponentContainer__userNameInputContainer"
    >
      <label
        htmlFor="signupPageUsernameInput"
      >
        Your OWTF Username
      </label>
      <input
        id="signupPageUsernameInput"
        name="text-input-name"
        onBlur={[Function]}
        onChange={[Function]}
        placeholder="Username"
        type="text"
        value=""
      />
    </div>
    <p
      className="inputRequiredError"
    />
    <div
      className="signupPageContainer__signupComponentContainer__emailInputContainer"
    >
      <label
        htmlFor="signupPageEmailInput"
      >
        Email
      </label>
      <input
        id="signupEmailInput"
        name="text-input-email"
        onBlur={[Function]}
        onChange={[Function]}
        placeholder="Email"
        type="email"
        value=""
      />
    </div>
    <p
      className="inputRequiredError"
    />
    <div
      className="signupPageContainer__signupComponentContainer__setPasswordInputContainer"
    >
      <label
        htmlFor="signupPageSetPasswordInput"
      >
        Choose a Password
      </label>
      <input
        id="signupPageSetPasswordInput"
        name="text-input-password"
        onBlur={[Function]}
        onChange={[Function]}
        placeholder="Password"
        type="password"
        value=""
      />
      <span
        className="signupPageContainer__signupComponentContainer__setPasswordInputContainer__passwordViewTogglerContainer"
        onMouseDown={[Function]}
        onMouseUp={[Function]}
      >
        <AiFillEyeInvisible />
      </span>
    </div>
    <p
      className="inputRequiredError"
    />
    <div
      className="signupPageContainer__signupComponentContainer__confirmPasswordInputContainer"
    >
      <label
        htmlFor="signupPageConfirmPasswordInput"
      >
        Confirm Password
      </label>
      <input
        id="signupPageConfirmPasswordInput"
        name="text-input-confirm-password"
        onBlur={[Function]}
        onChange={[Function]}
        placeholder="Confirm Password"
        type="password"
        value=""
      />
      <span
        className="signupPageContainer__signupComponentContainer__confirmPasswordInputContainer__passwordViewTogglerContainer"
        onMouseDown={[Function]}
        onMouseUp={[Function]}
      >
        <AiFillEyeInvisible />
      </span>
    </div>
    <p
      className="inputRequiredError"
    />
    <button
      className="signupPageContainer__signupComponentContainer__submitButton"
      disabled={false}
      intent="none"
      onClick={[Function]}
    >
      SIGNUP
    </button>
    <div
      className="signupPageContainer__signupComponentContainer__loginLinkContainer"
    >
      Already have an account? 
      <Link
        replace={false}
        to="/login"
      >
        Login
      </Link>
    </div>
  </div>
</div>
`;
