// Jest Snapshot v1, https://goo.gl/fbAQLP

exports[`LoginPage component Testing dumb login component Should render without errors 1`] = `
<div
  className="loginPageContainer"
  data-test="loginPageComponent"
>
  <div
    className="loginPageContainer__loginComponentContainer"
  >
    <div
      className="loginPageContainer__loginComponentContainer__brandLogoContainer"
    >
      <img
        alt="brand-logo"
        src=""
      />
    </div>
    <h2
      className="loginPageContainer__loginComponentContainer__heading"
    >
      Login with an OWTF Account
    </h2>
    <div
      className="loginPageContainer__loginComponentContainer__userNameInputContainer"
    >
      <label
        htmlFor="loginPageUserNameInput"
      >
        Your Username / Email Address
      </label>
      <input
        id="loginPageUserNameInput"
        onChange={[Function]}
        placeholder="Username / Email"
        type="text"
        value=""
      />
    </div>
    <div
      className="loginPageContainer__loginComponentContainer__passwordInputContainer"
    >
      <label
        htmlFor="loginPagePasswordInput"
      >
        Your Password
      </label>
      <input
        id="loginPagePasswordInput"
        onChange={[Function]}
        placeholder="Password"
        type="password"
        value=""
      />
      <span
        className="loginPageContainer__loginComponentContainer__passwordInputContainer__passwordViewTogglerContainer"
        onMouseDown={[Function]}
        onMouseUp={[Function]}
      >
        <AiFillEyeInvisible />
      </span>
    </div>
    <div
      className="loginPageContainer__loginComponentContainer__forgotPasswordLinkContainer"
    >
      <Link
        replace={false}
        to="/forgot-password/email"
      >
        Forgot Password?
      </Link>
    </div>
    <button
      className="loginPageContainer__loginComponentContainer__submitButton"
      intent="none"
      onClick={[Function]}
    >
      LOGIN
    </button>
    <div
      className="loginPageContainer__loginComponentContainer__signupLinkContainer"
    >
      New to OWTF? 
      <Link
        replace={false}
        to="/signup"
      >
        Join now
      </Link>
    </div>
  </div>
</div>
`;
