// Jest Snapshot v1, https://goo.gl/fbAQLP

exports[`ForgotPasswordPage component Testing dumb forgot password component Should render without errors 1`] = `
<div
  className="forgotPasswordPageContainer"
  data-test="forgotPasswordPageComponent"
>
  <div
    className="forgotPasswordPageContainer__forgotPasswordComponentContainer"
  >
    <div
      className="forgotPasswordPageContainer__forgotPasswordComponentContainer__brandLogoContainer"
    >
      <img
        alt="brand-logo"
        src=""
      />
    </div>
    <h2
      className="forgotPasswordPageContainer__forgotPasswordComponentContainer__heading"
    >
      Forgot Password?
    </h2>
    <p
      className="forgotPasswordPageContainer__forgotPasswordComponentContainer__info"
    >
      Reset password in 2 quick steps.
    </p>
    <div
      className="forgotPasswordPageContainer__forgotPasswordComponentContainer__userNameEmailInputContainer"
    >
      <label
        htmlFor="forgotPasswordInput"
      >
        Enter your Username / Email Address
      </label>
      <input
        id="forgotPasswordInput"
        name="text-input-email-or-username"
        onBlur={[Function]}
        onChange={[Function]}
        placeholder="Username / Email"
        type="text"
        value=""
      />
    </div>
    <p
      className="inputRequiredError"
    />
    <button
      className="forgotPasswordPageContainer__forgotPasswordComponentContainer__submitButton"
      disabled={false}
      intent="none"
      onClick={[Function]}
    >
      Reset Password
    </button>
    <div
      className="forgotPasswordPageContainer__forgotPasswordComponentContainer__goBackLinkContainer"
    >
      <Link
        replace={false}
        to="/login"
      >
        Back
      </Link>
    </div>
  </div>
</div>
`;
